../Drivers/STM32WBxx_HAL_Driver/Inc/stm32wbxx_ll_bus.h:539:22:LL_AHB2_GRP1_EnableClock	24	static
../Core/Src/main.c:67:6:ModbusMasterRxCpltCallback	8	static
../Core/Src/main.c:89:6:HAL_TIM_PeriodElapsedCallback	16	static
../Core/Src/main.c:119:5:main	8	static
../Core/Src/main.c:171:6:SystemClock_Config	112	static
../Core/Src/main.c:219:6:PeriphCommonClock_Config	88	static
../Core/Src/main.c:243:13:MX_TIM2_Init	40	static
../Core/Src/main.c:288:13:MX_USART1_UART_Init	8	static
../Core/Src/main.c:336:13:MX_GPIO_Init	32	static
../Core/Src/main.c:368:6:Error_Handler	4	static,ignoring_inline_asm
