../Drivers/STM32WBxx_HAL_Driver/Inc/stm32wbxx_ll_bus.h:539:22:LL_AHB2_GRP1_EnableClock	1
../Core/Src/main.c:73:6:HAL_UART_RxCpltCallback	13
../Core/Src/main.c:138:6:HAL_TIM_PeriodElapsedCallback	2
../Core/Src/main.c:151:6:HAL_ADC_ConvCpltCallback	2
../Core/Src/main.c:173:5:main	1
../Core/Src/main.c:228:6:ModbusSlaveInit	3
../Core/Src/main.c:249:6:SystemClock_Config	3
../Core/Src/main.c:303:6:PeriphCommonClock_Config	2
../Core/Src/main.c:327:13:MX_ADC1_Init	3
../Core/Src/main.c:385:13:MX_TIM2_Init	4
../Core/Src/main.c:430:13:MX_USART1_UART_Init	5
../Core/Src/main.c:478:13:MX_GPIO_Init	1
../Core/Src/main.c:511:6:Error_Handler	1
