../Drivers/STM32WBxx_HAL_Driver/Inc/stm32wbxx_ll_bus.h:539:22:LL_AHB2_GRP1_EnableClock	24	static
../Core/Src/main.c:73:6:HAL_UART_RxCpltCallback	24	static
../Core/Src/main.c:138:6:HAL_TIM_PeriodElapsedCallback	16	static
../Core/Src/main.c:151:6:HAL_ADC_ConvCpltCallback	16	static
../Core/Src/main.c:173:5:main	8	static
../Core/Src/main.c:228:6:ModbusSlaveInit	16	static
../Core/Src/main.c:249:6:SystemClock_Config	112	static
../Core/Src/main.c:303:6:PeriphCommonClock_Config	88	static
../Core/Src/main.c:327:13:MX_ADC1_Init	32	static
../Core/Src/main.c:385:13:MX_TIM2_Init	40	static
../Core/Src/main.c:430:13:MX_USART1_UART_Init	8	static
../Core/Src/main.c:478:13:MX_GPIO_Init	32	static
../Core/Src/main.c:511:6:Error_Handler	4	static,ignoring_inline_asm
