../Drivers/STM32WBxx_HAL_Driver/Inc/stm32wbxx_ll_bus.h:539:22:LL_AHB2_GRP1_EnableClock	24	static
../Core/Src/main.c:61:6:bright_led	16	static
../Core/Src/main.c:70:6:dim_led	16	static
../Core/Src/main.c:85:5:main	8	static
../Core/Src/main.c:142:6:SystemClock_Config	112	static
../Core/Src/main.c:186:6:PeriphCommonClock_Config	88	static
../Core/Src/main.c:210:13:MX_TIM2_Init	64	static
../Core/Src/main.c:269:13:MX_GPIO_Init	8	static
../Core/Src/main.c:289:6:Error_Handler	4	static,ignoring_inline_asm
