../Drivers/STM32WBxx_HAL_Driver/Inc/stm32wbxx_ll_bus.h:539:22:LL_AHB2_GRP1_EnableClock	24	static
../Core/Src/main.c:83:6:Delay_ms	24	static
../Core/Src/main.c:95:6:HAL_GPIO_EXTI_Callback	16	static
../Core/Src/main.c:161:5:main	8	static
../Core/Src/main.c:239:6:SystemClock_Config	112	static
../Core/Src/main.c:291:6:PeriphCommonClock_Config	88	static
../Core/Src/main.c:315:13:MX_ADC1_Init	32	static
../Core/Src/main.c:367:13:MX_TIM16_Init	8	static
../Core/Src/main.c:399:13:MX_TIM17_Init	8	static
../Core/Src/main.c:431:13:MX_GPIO_Init	32	static
../Core/Src/main.c:475:6:Error_Handler	4	static,ignoring_inline_asm
