../Core/Src/main.c:77:5:_write	24	static
../Core/Src/main.c:82:6:HAL_UART_RxCpltCallback	24	static
../Core/Src/main.c:102:5:main	24	static
../Core/Src/main.c:224:6:SystemClock_Config	96	static
../Core/Src/main.c:274:13:MX_I2C1_Init	8	static
../Core/Src/main.c:322:13:MX_TIM3_Init	64	static
../Core/Src/main.c:382:13:MX_TIM16_Init	8	static
../Core/Src/main.c:414:13:MX_UART4_Init	8	static
../Core/Src/main.c:449:13:MX_UART5_Init	8	static
../Core/Src/main.c:484:13:MX_USART3_UART_Init	8	static
../Core/Src/main.c:519:13:MX_GPIO_Init	48	static
../Core/Src/main.c:600:6:Error_Handler	4	static,ignoring_inline_asm
