../Core/Src/main.c:79:5:_write	1
../Core/Src/main.c:84:6:HAL_UART_RxCpltCallback	4
../Core/Src/main.c:104:5:main	13
../Core/Src/main.c:247:6:SystemClock_Config	4
../Core/Src/main.c:297:13:MX_I2C1_Init	4
../Core/Src/main.c:345:13:MX_TIM3_Init	6
../Core/Src/main.c:405:13:MX_TIM16_Init	2
../Core/Src/main.c:437:13:MX_UART4_Init	2
../Core/Src/main.c:472:13:MX_UART5_Init	2
../Core/Src/main.c:507:13:MX_USART3_UART_Init	2
../Core/Src/main.c:542:13:MX_GPIO_Init	1
../Core/Src/main.c:623:6:Error_Handler	1
