../Core/Src/motor.c:19:9:calculateCRC	24	static
../Core/Src/motor.c:35:6:TMC2226_WriteRegister	16	static
../Core/Src/motor.c:127:10:TMC2226_ReadRegister	32	static
../Core/Src/motor.c:179:6:TMC2226_OTP	16	static
../Core/Src/motor.c:191:6:TMC2226_Init	16	static
../Core/Src/motor.c:241:6:TMC2226_SetCurrent	24	static
../Core/Src/motor.c:254:6:setupMotor	8	static
../Core/Src/motor.c:295:6:setMicrostepping	16	static
../Core/Src/motor.c:314:6:enableStealthMode	8	static
../Core/Src/motor.c:321:6:enablespreadcyclemode	8	static
../Core/Src/motor.c:329:6:rotateMotor	24	static
../Core/Src/motor.c:356:6:homePosition	16	static
../Core/Src/motor.c:379:6:lampOn	8	static
../Core/Src/motor.c:389:6:lampOff	8	static
../Core/Src/motor.c:406:10:readLampCurrent	4	static
../Core/Src/motor.c:412:6:microsecond_delay	16	static
