../Core/Src/motor.c:18:9:calculateCRC	24	static
../Core/Src/motor.c:34:6:TMC2226_WriteRegister	16	static
../Core/Src/motor.c:81:10:TMC2226_ReadRegister	32	static
../Core/Src/motor.c:158:6:TMC2226_OTP	16	static
../Core/Src/motor.c:170:6:TMC2226_Init	16	static
../Core/Src/motor.c:228:6:TMC2226_SetCurrent	24	static
../Core/Src/motor.c:241:6:setupMotor	8	static
../Core/Src/motor.c:277:6:setMicrostepping	16	static
../Core/Src/motor.c:296:6:enableStealthMode	8	static
../Core/Src/motor.c:303:6:enablespreadcyclemode	8	static
../Core/Src/motor.c:311:6:rotateMotor	24	static
../Core/Src/motor.c:338:6:homePosition	16	static
../Core/Src/motor.c:362:6:lampOn	8	static
../Core/Src/motor.c:375:6:lampOff	8	static
../Core/Src/motor.c:392:10:readLampCurrent	4	static
../Core/Src/motor.c:398:6:microsecond_delay	16	static
