../Core/Src/gsm.c:7:6:GSM_PowerOn	8	static
../Core/Src/gsm.c:24:6:GSM_Debug_Print	16	static
../Core/Src/gsm.c:30:6:GSM_SendCommand	24	static
../Core/Src/gsm.c:39:6:GSM_SendCommand_Extended	48	static
../Core/Src/gsm.c:79:6:Clear_UART_Buffer	16	static
../Core/Src/gsm.c:88:6:GSM_SendCommand_Improved	24	static
../Core/Src/gsm.c:109:6:GSM_SetBaudRate	120	static
../Core/Src/gsm.c:127:6:gsm_get_time_from_module	80	static
../Core/Src/gsm.c:146:6:gsm_get_imei	160	static
../Core/Src/gsm.c:174:5:signal_strength	96	static
../Core/Src/gsm.c:195:5:signal_strength_improved	160	static
../Core/Src/gsm.c:228:5:gsm_get_battery_voltage	104	static
../Core/Src/gsm.c:248:6:Setup_SMS_Mode	264	static
../Core/Src/gsm.c:258:5:Extract_Config_From_SMS_Improved	632	static
../Core/Src/gsm.c:430:5:Extract_Sender_Number	40	static
../Core/Src/gsm.c:491:6:Send_SMS_Confirmation	584	static
../Core/Src/gsm.c:562:6:Check_Incoming_SMS_Improved	1048	static
../Core/Src/gsm.c:605:5:Parse_SMS_Messages	24	static
../Core/Src/gsm.c:644:6:GPRS_Send_JSON	848	static
