../Core/Src/main.c:166:6:calib_config	1
../Core/Src/main.c:177:6:Config_Init	1
../Core/Src/main.c:188:6:Handle_Command	21
../Core/Src/main.c:241:6:UART3_Send_Cali_Data	17
../Core/Src/main.c:288:6:Parse_And_Store_Calibration	11
../Core/Src/main.c:381:6:HAL_ADC_ConvCpltCallback	1
../Core/Src/main.c:388:6:Create_JSON_String	2
../Core/Src/main.c:438:6:HAL_UART_RxCpltCallback	5
../Core/Src/main.c:467:6:HAL_TIM_PeriodElapsedCallback	7
../Core/Src/main.c:512:5:main	9
../Core/Src/main.c:628:6:SystemClock_Config	3
../Core/Src/main.c:666:13:MX_ADC_Init	18
../Core/Src/main.c:840:13:MX_I2C2_Init	4
../Core/Src/main.c:888:13:MX_TIM6_Init	2
../Core/Src/main.c:918:13:MX_TIM15_Init	4
../Core/Src/main.c:964:13:MX_USART3_UART_Init	2
../Core/Src/main.c:999:13:MX_USART5_UART_Init	2
../Core/Src/main.c:1032:13:MX_DMA_Init	1
../Core/Src/main.c:1050:13:MX_GPIO_Init	1
../Core/Src/main.c:1084:6:Error_Handler	1
