../Core/Src/main.c:166:6:calib_config	8	static
../Core/Src/main.c:177:6:Config_Init	12	static
../Core/Src/main.c:188:6:Handle_Command	200	static
../Core/Src/main.c:241:6:UART3_Send_Cali_Data	144	static
../Core/Src/main.c:288:6:Parse_And_Store_Calibration	272	static
../Core/Src/main.c:381:6:HAL_ADC_ConvCpltCallback	16	static
../Core/Src/main.c:388:6:Create_JSON_String	272	static
../Core/Src/main.c:438:6:HAL_UART_RxCpltCallback	24	static
../Core/Src/main.c:467:6:HAL_TIM_PeriodElapsedCallback	24	static
../Core/Src/main.c:512:5:main	8	static
../Core/Src/main.c:628:6:SystemClock_Config	80	static
../Core/Src/main.c:666:13:MX_ADC_Init	24	static
../Core/Src/main.c:840:13:MX_I2C2_Init	8	static
../Core/Src/main.c:888:13:MX_TIM6_Init	8	static
../Core/Src/main.c:918:13:MX_TIM15_Init	32	static
../Core/Src/main.c:964:13:MX_USART3_UART_Init	8	static
../Core/Src/main.c:999:13:MX_USART5_UART_Init	8	static
../Core/Src/main.c:1032:13:MX_DMA_Init	16	static
../Core/Src/main.c:1050:13:MX_GPIO_Init	56	static
../Core/Src/main.c:1084:6:Error_Handler	8	static,ignoring_inline_asm
