../Drivers/STM32WBxx_HAL_Driver/Inc/stm32wbxx_ll_bus.h:539:22:LL_AHB2_GRP1_EnableClock	1
../Core/Src/main.c:83:6:Delay_ms	2
../Core/Src/main.c:95:6:HAL_GPIO_EXTI_Callback	5
../Core/Src/main.c:161:5:main	2
../Core/Src/main.c:239:6:SystemClock_Config	3
../Core/Src/main.c:291:6:PeriphCommonClock_Config	2
../Core/Src/main.c:315:13:MX_ADC1_Init	3
../Core/Src/main.c:367:13:MX_TIM16_Init	2
../Core/Src/main.c:399:13:MX_TIM17_Init	2
../Core/Src/main.c:431:13:MX_GPIO_Init	1
../Core/Src/main.c:475:6:Error_Handler	1
