14:13:50 **** Incremental Build of configuration Debug for project led2 ****
make -j4 all 
arm-none-eabi-gcc "../Core/Src/main.c" -mcpu=cortex-m4 -std=gnu11 -g3 -DDEBUG -DUSE_HAL_DRIVER -DSTM32WB55xx -c -I../Core/Inc -IC:/Users/RND127/STM32Cube/Repository/STM32Cube_FW_WB_V1.20.0/Drivers/STM32WBxx_HAL_Driver/Inc -IC:/Users/RND127/STM32Cube/Repository/STM32Cube_FW_WB_V1.20.0/Drivers/STM32WBxx_HAL_Driver/Inc/Legacy -IC:/Users/RND127/STM32Cube/Repository/STM32Cube_FW_WB_V1.20.0/Drivers/CMSIS/Device/ST/STM32WBxx/Include -IC:/Users/RND127/STM32Cube/Repository/STM32Cube_FW_WB_V1.20.0/Drivers/CMSIS/Include -O0 -ffunction-sections -fdata-sections -Wall -fstack-usage -fcyclomatic-complexity -MMD -MP -MF"Core/Src/main.d" -MT"Core/Src/main.o" --specs=nano.specs -mfpu=fpv4-sp-d16 -mfloat-abi=hard -mthumb -o "Core/Src/main.o"
arm-none-eabi-gcc -o "led2.elf" @"objects.list"   -mcpu=cortex-m4 -T"C:\Users\RND127\STM32CubeIDE\workspace_1.16.1\led2\STM32WB55RGVX_FLASH.ld" --specs=nosys.specs -Wl,-Map="led2.map" -Wl,--gc-sections -static --specs=nano.specs -mfpu=fpv4-sp-d16 -mfloat-abi=hard -mthumb -Wl,--start-group -lc -lm -Wl,--end-group
Finished building target: led2.elf
 
arm-none-eabi-size  led2.elf 
arm-none-eabi-objdump -h -S led2.elf  > "led2.list"
   text	   data	    bss	    dec	    hex	filename
  10204	     12	   1572	  11788	   2e0c	led2.elf
Finished building: default.size.stdout
 
Finished building: led2.list
 
14:13:55 **** Incremental Build of configuration Debug for project led2 ****
make -j4 all 
arm-none-eabi-size  led2.elf 
   text	   data	    bss	    dec	    hex	filename
  10204	     12	   1572	  11788	   2e0c	led2.elf
Finished building: default.size.stdout
 
