../Drivers/STM32WBxx_HAL_Driver/Inc/stm32wbxx_ll_bus.h:539:22:LL_AHB2_GRP1_EnableClock	24	static
../Core/Src/main.c:62:6:HAL_UART_TxCpltCallback	16	static
../Core/Src/main.c:76:6:HAL_UART_RxCpltCallback	24	static
../Core/Src/main.c:145:5:main	8	static
../Core/Src/main.c:195:6:ModbusInit	16	static
../Core/Src/main.c:216:6:SystemClock_Config	112	static
../Core/Src/main.c:262:6:PeriphCommonClock_Config	88	static
../Core/Src/main.c:286:13:MX_USART1_UART_Init	8	static
../Core/Src/main.c:334:13:MX_GPIO_Init	32	static
../Core/Src/main.c:366:6:Error_Handler	4	static,ignoring_inline_asm
